{
	"$foo": "16px",
	"$bar": "17.6px",
	"$baz": 42,
	"$foo-bar": "#666",
	"$foo-bar-baz": "#262626",
	"$foo-bar-baz-bad": "#123",
	"$grault": [
		1,
		2,
		"3",
		"4px",
		"42%",
		"1.23456789px",
		[4, 5, 6],
		{
			"foo": "bar baz"
		}
	],
	"$garply": {
		"foo": 1,
		"bar": [2, 3],
		"baz": "3 3 3",
		"bad": {
			"foo": 11,
			"bar": 22,
			"baz": [5, 4, 6, null, 1, "1.23456789px"],
			"bag": "foo bar"
		},
		"qux": "rgba(255,255,255,0.5)",
		"corgle": "#f00"
	},
	"$qux": false,
	"$fred": true,
	"$corgle": null,
	"$winnie": "url(\"/otis/winnie.svg\")",
	"$riley": "url(\"/otis/riley.svg\")",
	"$kona": "url(/otis/kona.svg)",
	"$double-quoted": "this is \"double quoted\" text with some 'single quoted' text",
	"$single-quoted": "this is 'single quoted' text with some \"double quoted\" text"
}
