{
	"foo": "16px",
	"bar": "17.6px",
	"baz": 42,
	"fooBar": "#666",
	"fooBarBaz": "#262626",
	"fooBarBazBad": "#123",
	"grault": [
		1,
		2,
		"3",
		"4px",
		"42%",
		"1.23457px",
		[4, 5, 6],
		{
			"foo": "bar baz"
		}
	],
	"garply": {
		"foo": 1,
		"bar": [2, 3],
		"baz": "3 3 3",
		"bad": {
			"foo": 11,
			"bar": 22,
			"baz": [5, 4, 6, null, 1, "1.23457px"],
			"bag": "foo bar"
		},
		"qux": "rgba(255,255,255,0.5)",
		"corgle": "#f00"
	},
	"qux": false,
	"fred": true,
	"corgle": null
}
